[joshuachengaudio.framer.website/index.html]
[backblue.gif]
[fade.gif]
[index.html]
[framerusercontent.com/images/8kpo5fyWeNoErmchyX4ltDfmu9o.png]
[joshuachengaudio.framer.website/about.html]
[joshuachengaudio.framer.website/contact.html]
[joshuachengaudio.framer.website/work/platereverbproject.html]
[framerusercontent.com/images/3fzEplPrd80iPJ8SfmR3V9I735s.jpg]
[joshuachengaudio.framer.website/work/iphisandianthe.html]
[framerusercontent.com/images/iJKOEXaH4wqz0EIKyPtD4naTc4.jpg]
[joshuachengaudio.framer.website/work/nimb.html]
[framerusercontent.com/images/9hl2AbXpxXBxlSV32QOpax5DA.png]
[joshuachengaudio.framer.website/work/yourdarling.html]
[framerusercontent.com/images/ZRHQZO0O7NGLYDIZEPekX6J1xyw.jpg]
[joshuachengaudio.framer.website/index.html]
[joshuachengaudio.framer.website/work/2inspire.html]
[framerusercontent.com/images/IAQqq5ohxNnvHXlS5sKAWci9Ng.png]
[joshuachengaudio.framer.website/about.html]
[joshuachengaudio.framer.website/contact.html]
[joshuachengaudio.framer.website/work/platereverbproject.html]
[joshuachengaudio.framer.website/work/iphisandianthe.html]
[joshuachengaudio.framer.website/work/nimb.html]
[joshuachengaudio.framer.website/work/yourdarling.html]
[joshuachengaudio.framer.website/work/2inspire.html]
