[joshuachengaudio.framer.website/index.html]
[framerusercontent.com/images/8kpo5fyWeNoErmchyX4ltDfmu9o.png]
[joshuachengaudio.framer.website/papers/measuring-sound-perception.html]
[joshuachengaudio.framer.website/about.html]
[joshuachengaudio.framer.website/projects/platereverbproject.html]
[framerusercontent.com/images/3fzEplPrd80iPJ8SfmR3V9I735s.jpg]
[joshuachengaudio.framer.website/projects/iphisandianthe.html]
[framerusercontent.com/images/iJKOEXaH4wqz0EIKyPtD4naTc4.jpg]
[joshuachengaudio.framer.website/projects/nimb.html]
[framerusercontent.com/images/9hl2AbXpxXBxlSV32QOpax5DA.png]
[joshuachengaudio.framer.website/projects/yourdarling.html]
[framerusercontent.com/images/ZRHQZO0O7NGLYDIZEPekX6J1xyw.jpg]
[joshuachengaudio.framer.website/projects/2inspire.html]
[framerusercontent.com/images/J1vLBh0VKDpPPNim1MLZWJiBRso.jpg]
[joshuachengaudio.framer.website/index.html]
[joshuachengaudio.framer.website/papers/_https_/static.elfsight.com/platform/platform.d.delayed]
[joshuachengaudio.framer.website/papers/measuring-sound-perception.html]
[framerusercontent.com/images/6y3WddkcW7Ueb62AfuKlcUgmOZM.png]
[joshuachengaudio.framer.website/about.html]
[joshuachengaudio.framer.website/projects/platereverbproject.html]
[joshuachengaudio.framer.website/projects/iphisandianthe.html]
[joshuachengaudio.framer.website/projects/nimb.html]
[framerusercontent.com/images/aHatNju29Urta9N9E9V1xlgy7BA.jpg]
[framerusercontent.com/images/8A56W5kHyxs6JxqfrW8c3erfycc.jpg]
[joshuachengaudio.framer.website/projects/yourdarling.html]
[joshuachengaudio.framer.website/projects/2inspire.html]
[joshuachengaudio.framer.website/papers/_https_/static.elfsight.com/platform/platform.html]
